come on chief its trash can not trash cannot that was a bad motivational quote just go get them come on chief its trash can not trash cannot that was a bad motivational quote just go get them come on chief its trash can not trash cannot that was a bad motivational quote just go get them
